
> client@0.0.0 build
> vite build

[36mvite v7.3.1 [32mbuilding client environment for production...[36m[39m
transforming...
[32mΓ£ô[39m 1775 modules transformed.
rendering chunks...
computing gzip size...
[2mdist/[22m[32mindex.html                 [39m[1m[2m  0.54 kB[22m[1m[22m[2m Γöé gzip:  0.35 kB[22m
[2mdist/[22m[35massets/index-CvQBWT1d.css  [39m[1m[2m 32.27 kB[22m[1m[22m[2m Γöé gzip:  6.10 kB[22m
[2mdist/[22m[36massets/index-DUcGKfo6.js   [39m[1m[2m294.48 kB[22m[1m[22m[2m Γöé gzip: 90.79 kB[22m
[32mΓ£ô built in 2.08s[39m
